\BOOKMARK [1][-]{section*.1}{\376\377\130\360\000\040\146\016}{}% 1
\BOOKMARK [1][-]{section*.2}{\376\377\133\146\117\115\213\272\145\207\117\177\165\050\143\210\147\103\130\360\146\016}{}% 2
\BOOKMARK [1][-]{section*.3}{\376\377\144\130\000\040\211\201}{}% 3
\BOOKMARK [1][-]{section*.4}{\376\377\000A\000b\000s\000t\000r\000a\000c\000t}{}% 4
\BOOKMARK [1][-]{section*.6}{\376\377\173\054\0001\172\340\000\040\176\352\213\272}{}% 5
\BOOKMARK [2][-]{subsection*.7}{\376\377\0001\000.\0001\000\040\144\151\144\346\133\146\170\024\172\166\166\204\203\003\137\017\217\154\171\373\116\016\171\273\133\120\155\262\117\123\145\160\143\156\126\360\130\203}{section*.6}% 6
\BOOKMARK [2][-]{subsection*.8}{\376\377\0001\000.\0002\000\040\126\372\155\262\165\114\227\142\137\256\176\323\147\204\060\001\000A\000F\000M\210\150\137\201\116\016\155\246\156\321\147\072\122\066}{section*.6}% 7
\BOOKMARK [3][-]{subsubsection*.9}{\376\377\0001\000.\0002\000.\0001\000\040\126\372\117\123\210\150\227\142\131\202\117\125\221\315\130\121\171\273\133\120\155\262\117\123\137\256\176\323\147\204}{subsection*.8}% 8
\BOOKMARK [3][-]{subsubsection*.10}{\376\377\0001\000.\0002\000.\0002\000\040\000A\000F\000M\122\233\000-\215\335\171\273\146\362\176\277\377\032\116\316\165\114\227\142\117\134\165\050\122\233\122\060\134\102\162\266\176\323\147\204}{subsection*.8}% 9
\BOOKMARK [3][-]{subsubsection*.11}{\376\377\0001\000.\0002\000.\0003\000\040\176\263\174\163\144\151\144\346\377\032\116\316\154\325\124\021\142\177\217\175\122\060\122\007\124\021\122\152\122\007}{subsection*.8}% 10
\BOOKMARK [3][-]{subsubsection*.12}{\376\377\0001\000.\0002\000.\0004\000\040\123\026\133\146\176\323\147\204\131\202\117\125\121\263\133\232\155\246\156\321\162\266\140\001\217\154\123\330}{subsection*.8}% 11
\BOOKMARK [2][-]{subsection*.13}{\376\377\0001\000.\0003\000\040\145\351\147\037\143\242\175\042\377\032\116\316\211\304\122\031\143\320\123\326\122\060\230\206\127\337\230\204\213\255\176\303\152\041\127\213\377\010\000N\000L\000P\116\016\000B\000E\000R\000T\145\366\116\343\377\011}{section*.6}% 12
\BOOKMARK [2][-]{subsection*.14}{\376\377\0001\000.\0004\000\040\203\003\137\017\227\151\124\175\377\032\165\037\142\020\137\017\000A\000I\116\016\131\047\213\355\212\000\152\041\127\213\166\204\135\033\215\167\377\010\000L\000L\000M\145\366\116\343\377\011}{section*.6}% 13
\BOOKMARK [2][-]{subsection*.15}{\376\377\0001\000.\0005\000\040\155\361\136\246\143\021\142\030\377\032\116\316\000"\145\207\147\054\143\026\143\230\000"\122\060\000"\123\026\133\146\143\250\164\006\000"\166\204\215\350\215\212}{section*.6}% 14
\BOOKMARK [2][-]{subsection*.16}{\376\377\0001\000.\0006\000\040\147\054\145\207\170\024\172\166\166\356\150\007\116\016\121\205\133\271\133\211\143\222}{section*.6}% 15
\BOOKMARK [1][-]{section*.17}{\376\377\173\054\0002\172\340\000\040\000C\000I\000L\000F\000-\000D\000B\136\163\123\360\213\276\213\241\116\016\133\236\163\260}{}% 16
\BOOKMARK [2][-]{subsection*.18}{\376\377\0002\000.\0001\000\040\136\163\123\360\145\164\117\123\147\266\147\204}{section*.17}% 17
\BOOKMARK [2][-]{subsection*.19}{\376\377\0002\000.\0002\000\040\145\160\143\156\136\223\213\276\213\241\145\271\150\110}{section*.17}% 18
\BOOKMARK [3][-]{subsubsection*.20}{\376\377\0002\000.\0002\000.\0001\000\040\145\160\143\156\136\223\133\127\153\265\211\304\203\003\213\276\213\241\166\204\147\120\145\231\133\146\117\235\143\156}{subsection*.19}% 19
\BOOKMARK [3][-]{subsubsection*.21}{\376\377\0002\000.\0002\000.\0002\000\040\145\160\143\156\210\150\176\323\147\204\116\016\121\163\200\124\121\163\174\373}{subsection*.19}% 20
\BOOKMARK [2][-]{subsection*.22}{\376\377\0002\000.\0003\000\040\145\207\163\056\221\307\226\306\116\016\000P\000D\000F\230\204\131\004\164\006}{section*.17}% 21
\BOOKMARK [3][-]{subsubsection*.23}{\376\377\0002\000.\0003\000.\0001\000\040\145\207\163\056\147\145\156\220\116\016\000D\000O\000I\147\345\221\315\147\072\122\066}{subsection*.22}% 22
\BOOKMARK [3][-]{subsubsection*.24}{\376\377\0002\000.\0003\000.\0002\000\040\123\314\150\017\162\110\227\142\221\315\176\304\116\016\126\152\130\360\156\005\155\027}{subsection*.22}% 23
\BOOKMARK [3][-]{subsubsection*.25}{\376\377\0002\000.\0003\000.\0003\000\040\126\376\210\150\123\072\127\337\166\204\146\172\200\375\210\301\122\152}{subsection*.22}% 24
\BOOKMARK [2][-]{subsection*.26}{\376\377\0002\000.\0004\000\040\117\341\140\157\201\352\122\250\143\320\123\326\145\271\154\325}{section*.17}% 25
\BOOKMARK [3][-]{subsubsection*.27}{\376\377\0002\000.\0004\000.\0001\000\040\145\207\147\054\117\341\140\157\166\204\176\323\147\204\123\026\143\320\123\326}{subsection*.26}% 26
\BOOKMARK [3][-]{subsubsection*.28}{\376\377\0002\000.\0004\000.\0002\000\040\126\376\210\150\145\160\143\156\166\204\211\306\211\311\143\320\123\326}{subsection*.26}% 27
\BOOKMARK [3][-]{subsubsection*.29}{\376\377\0002\000.\0004\000.\0003\000\040\123\026\133\146\133\236\117\123\166\204\137\122\116\000\123\026\116\016\150\041\232\214}{subsection*.26}% 28
\BOOKMARK [2][-]{subsection*.30}{\376\377\0002\000.\0005\000\040\145\160\143\156\123\357\211\306\123\026\116\016\150\300\175\042\165\114\227\142}{section*.17}% 29
\BOOKMARK [1][-]{section*.31}{\376\377\173\054\0003\172\340\000\040\176\323\147\234\116\016\213\250\213\272}{}% 30
\BOOKMARK [2][-]{subsection*.32}{\376\377\0003\000.\0001\000\040\145\160\143\156\136\223\145\066\137\125\145\160\143\156\151\202\121\265}{section*.31}% 31
\BOOKMARK [3][-]{subsubsection*.33}{\376\377\0003\000.\0001\000.\0001\000\040\145\160\143\156\143\320\123\326\116\016\215\050\221\317\150\007\154\350}{subsection*.32}% 32
\BOOKMARK [2][-]{subsection*.34}{\376\377\0003\000.\0002\000\040\226\064\171\273\133\120\174\173\127\213\133\371\144\151\144\346\133\146\140\047\200\375\166\204\137\161\124\315}{section*.31}% 33
\BOOKMARK [3][-]{subsubsection*.35}{\376\377\0003\000.\0002\000.\0001\000\040\227\136\123\144\175\040\170\174\221\170\166\320\174\373\226\064\171\273\133\120\166\204\144\151\144\346\133\146\117\030\122\277}{subsection*.34}% 34
\BOOKMARK [3][-]{subsubsection*.36}{\376\377\0003\000.\0002\000.\0002\000\040\123\144\175\040\116\016\124\053\154\037\147\011\147\072\226\064\171\273\133\120\166\204\133\371\153\324}{subsection*.34}% 35
\BOOKMARK [2][-]{subsection*.37}{\376\377\0003\000.\0003\000\040\127\372\136\225\147\120\145\231\133\371\123\327\226\120\155\246\156\321\140\047\200\375\166\204\137\161\124\315}{section*.31}% 36
\BOOKMARK [3][-]{subsubsection*.38}{\376\377\0003\000.\0003\000.\0001\000\040\116\015\124\014\127\372\136\225\147\120\145\231\166\204\144\151\144\346\174\373\145\160\153\324\217\203}{subsection*.37}% 37
\BOOKMARK [3][-]{subsubsection*.39}{\376\377\0003\000.\0003\000.\0002\000\040\000H\000O\000P\000G\127\372\136\225\166\204\215\205\117\116\144\151\144\346\147\072\122\066}{subsection*.37}% 38
\BOOKMARK [2][-]{subsection*.40}{\376\377\0003\000.\0004\000\040\165\065\117\115\133\371\123\327\226\120\171\273\133\120\155\262\117\123\144\151\144\346\140\047\200\375\166\204\214\003\143\247}{section*.31}% 39
\BOOKMARK [3][-]{subsubsection*.41}{\376\377\0003\000.\0004\000.\0001\000\040\000H\000O\000P\000G\116\012\166\204\165\065\117\115\117\235\215\126\215\205\156\321\210\114\116\072}{subsection*.40}% 40
\BOOKMARK [3][-]{subsubsection*.42}{\376\377\0003\000.\0004\000.\0002\000\040\133\374\121\145\145\160\143\156\226\306\166\204\165\065\117\115\145\110\136\224\176\337\213\241}{subsection*.40}% 41
\BOOKMARK [2][-]{subsection*.43}{\376\377\0003\000.\0005\000\040\117\341\140\157\143\320\123\326\145\271\154\325\166\204\121\306\170\156\140\047\213\304\117\060}{section*.31}% 42
\BOOKMARK [3][-]{subsubsection*.44}{\376\377\0003\000.\0005\000.\0001\000\040\143\320\123\326\155\101\154\064\176\277\145\164\117\123\145\110\163\207}{subsection*.43}% 43
\BOOKMARK [3][-]{subsubsection*.45}{\376\377\0003\000.\0005\000.\0002\000\040\126\376\210\150\211\343\147\220\116\016\145\207\147\054\143\320\123\326\166\204\135\356\137\002\123\026\210\150\163\260}{subsection*.43}% 44
\BOOKMARK [2][-]{subsection*.46}{\376\377\0003\000.\0006\000\040\176\374\124\010\213\250\213\272}{section*.31}% 45
\BOOKMARK [3][-]{subsubsection*.47}{\376\377\0003\000.\0006\000.\0001\000\040\145\160\143\156\136\223\133\371\123\327\226\120\144\151\144\346\133\146\213\244\167\345\166\204\215\041\163\056}{subsection*.46}% 46
\BOOKMARK [3][-]{subsubsection*.48}{\376\377\0003\000.\0006\000.\0002\000\040\145\160\143\156\134\100\226\120\140\047\122\006\147\220}{subsection*.46}% 47
\BOOKMARK [3][-]{subsubsection*.49}{\376\377\0003\000.\0006\000.\0003\000\040\133\371\230\206\127\337\147\052\147\145\170\024\172\166\166\204\124\057\171\072}{subsection*.46}% 48
\BOOKMARK [1][-]{section*.50}{\376\377\140\073\176\323\116\016\134\125\147\033}{}% 49
\BOOKMARK [2][-]{subsection*.51}{\376\377\116\073\211\201\176\323\213\272}{section*.50}% 50
\BOOKMARK [2][-]{subsection*.52}{\376\377\134\100\226\120\140\047\116\016\134\125\147\033}{section*.50}% 51
\BOOKMARK [1][-]{section*.53}{\376\377\201\364\000\040\214\042}{}% 52
\BOOKMARK [1][-]{section*.54}{\376\377\123\302\200\003\145\207\163\056}{}% 53
